[0.356s] Invoking command in '/home/anyya/chapt2/chapt2_ws/src/demo_python_pkg': DEBUGINFOD_URLS=https://debuginfod.ubuntu.com PYTHONPATH=/home/anyya/chapt2/chapt2_ws/build/demo_python_pkg/prefix_override:/usr/lib/python3/dist-packages/colcon_core/task/python/colcon_distutils_commands:/home/anyya/chapt2/chapt2_ws/install/demo_python_pkg/lib/python3.12/site-packages:${PYTHONPATH} /usr/bin/python3 -W ignore:setup.py install is deprecated -W ignore:easy_install command is deprecated setup.py egg_info --egg-base ../../build/demo_python_pkg build --build-base /home/anyya/chapt2/chapt2_ws/build/demo_python_pkg/build install --record /home/anyya/chapt2/chapt2_ws/build/demo_python_pkg/install.log --single-version-externally-managed install_data
[0.475s] running egg_info
[0.482s] writing ../../build/demo_python_pkg/demo_python_pkg.egg-info/PKG-INFO
[0.482s] writing dependency_links to ../../build/demo_python_pkg/demo_python_pkg.egg-info/dependency_links.txt
[0.482s] writing entry points to ../../build/demo_python_pkg/demo_python_pkg.egg-info/entry_points.txt
[0.482s] writing requirements to ../../build/demo_python_pkg/demo_python_pkg.egg-info/requires.txt
[0.482s] writing top-level names to ../../build/demo_python_pkg/demo_python_pkg.egg-info/top_level.txt
[0.497s] reading manifest file '../../build/demo_python_pkg/demo_python_pkg.egg-info/SOURCES.txt'
[0.497s] adding license file 'LICENSE'
[0.498s] writing manifest file '../../build/demo_python_pkg/demo_python_pkg.egg-info/SOURCES.txt'
[0.498s] running build
[0.498s] running build_py
[0.498s] running install
[0.501s] running install_lib
[0.509s] running install_data
[0.509s] running install_egg_info
[0.517s] removing '/home/anyya/chapt2/chapt2_ws/install/demo_python_pkg/lib/python3.12/site-packages/demo_python_pkg-0.0.0-py3.12.egg-info' (and everything under it)
[0.517s] Copying ../../build/demo_python_pkg/demo_python_pkg.egg-info to /home/anyya/chapt2/chapt2_ws/install/demo_python_pkg/lib/python3.12/site-packages/demo_python_pkg-0.0.0-py3.12.egg-info
[0.517s] running install_scripts
[0.570s] Installing person_node script to /home/anyya/chapt2/chapt2_ws/install/demo_python_pkg/lib/demo_python_pkg
[0.570s] Installing python_node script to /home/anyya/chapt2/chapt2_ws/install/demo_python_pkg/lib/demo_python_pkg
[0.570s] Installing writer_node script to /home/anyya/chapt2/chapt2_ws/install/demo_python_pkg/lib/demo_python_pkg
[0.570s] writing list of installed files to '/home/anyya/chapt2/chapt2_ws/build/demo_python_pkg/install.log'
[0.583s] Invoked command in '/home/anyya/chapt2/chapt2_ws/src/demo_python_pkg' returned '0': DEBUGINFOD_URLS=https://debuginfod.ubuntu.com PYTHONPATH=/home/anyya/chapt2/chapt2_ws/build/demo_python_pkg/prefix_override:/usr/lib/python3/dist-packages/colcon_core/task/python/colcon_distutils_commands:/home/anyya/chapt2/chapt2_ws/install/demo_python_pkg/lib/python3.12/site-packages:${PYTHONPATH} /usr/bin/python3 -W ignore:setup.py install is deprecated -W ignore:easy_install command is deprecated setup.py egg_info --egg-base ../../build/demo_python_pkg build --build-base /home/anyya/chapt2/chapt2_ws/build/demo_python_pkg/build install --record /home/anyya/chapt2/chapt2_ws/build/demo_python_pkg/install.log --single-version-externally-managed install_data
