[0.007s] Invoking command in '/home/anyya/chapt3/topic_ws/build/demo_cpp_topic': CMAKE_PREFIX_PATH=${CMAKE_PREFIX_PATH}:/home/anyya/chapt3/topic_ws/install/demo_python_topic:/opt/ros/jazzy DEBUGINFOD_URLS=https://debuginfod.ubuntu.com /usr/bin/cmake --build /home/anyya/chapt3/topic_ws/build/demo_cpp_topic -- -j24 -l24
[0.028s] -- Found ament_cmake: 2.5.6 (/opt/ros/jazzy/share/ament_cmake/cmake)
[0.156s] -- Found rclcpp: 28.1.18 (/opt/ros/jazzy/share/rclcpp/cmake)
[0.171s] -- Found rosidl_generator_c: 4.6.7 (/opt/ros/jazzy/share/rosidl_generator_c/cmake)
[0.176s] -- Found rosidl_generator_cpp: 4.6.7 (/opt/ros/jazzy/share/rosidl_generator_cpp/cmake)
[0.182s] -- Using all available rosidl_typesupport_c: rosidl_typesupport_fastrtps_c;rosidl_typesupport_introspection_c
[0.189s] -- Using all available rosidl_typesupport_cpp: rosidl_typesupport_fastrtps_cpp;rosidl_typesupport_introspection_cpp
[0.224s] -- Found rmw_implementation_cmake: 7.3.3 (/opt/ros/jazzy/share/rmw_implementation_cmake/cmake)
[0.224s] -- Found rmw_fastrtps_cpp: 8.4.3 (/opt/ros/jazzy/share/rmw_fastrtps_cpp/cmake)
[0.269s] -- Using RMW implementation 'rmw_fastrtps_cpp' as default
[0.307s] -- Found geometry_msgs: 5.3.7 (/opt/ros/jazzy/share/geometry_msgs/cmake)
[0.324s] -- Found turtlesim: 1.8.3 (/opt/ros/jazzy/share/turtlesim/cmake)
[0.354s] -- Found ament_lint_auto: 0.17.5 (/opt/ros/jazzy/share/ament_lint_auto/cmake)
[0.413s] [31mCMake Error at CMakeLists.txt:42 (install):
[0.413s]   install TARGETS given target "turtle_circle" which does not exist.
[0.413s] 
[0.414s] [0m
[0.415s] -- Added test 'cppcheck' to perform static code analysis on C / C++ code
[0.415s] -- Configured cppcheck include dirs: 
[0.415s] -- Configured cppcheck exclude dirs and/or files: 
[0.415s] -- Added test 'lint_cmake' to check CMake code style
[0.415s] -- Added test 'uncrustify' to check C / C++ code style
[0.415s] -- Configured uncrustify additional arguments: 
[0.415s] -- Added test 'xmllint' to check XML markup files
[0.416s] -- Configuring incomplete, errors occurred!
[0.421s] gmake: *** [Makefile:308：cmake_check_build_system] 错误 1
[0.422s] Invoked command in '/home/anyya/chapt3/topic_ws/build/demo_cpp_topic' returned '2': CMAKE_PREFIX_PATH=${CMAKE_PREFIX_PATH}:/home/anyya/chapt3/topic_ws/install/demo_python_topic:/opt/ros/jazzy DEBUGINFOD_URLS=https://debuginfod.ubuntu.com /usr/bin/cmake --build /home/anyya/chapt3/topic_ws/build/demo_cpp_topic -- -j24 -l24
