[0.365s] Invoking command in '/home/anyya/chapt3/topic_ws/src/demo_python_topic': DEBUGINFOD_URLS=https://debuginfod.ubuntu.com PYTHONPATH=/home/anyya/chapt3/topic_ws/build/demo_python_topic/prefix_override:/usr/lib/python3/dist-packages/colcon_core/task/python/colcon_distutils_commands:/home/anyya/chapt3/topic_ws/install/demo_python_topic/lib/python3.12/site-packages:${PYTHONPATH} /usr/bin/python3 -W ignore:setup.py install is deprecated -W ignore:easy_install command is deprecated setup.py egg_info --egg-base ../../build/demo_python_topic build --build-base /home/anyya/chapt3/topic_ws/build/demo_python_topic/build install --record /home/anyya/chapt3/topic_ws/build/demo_python_topic/install.log --single-version-externally-managed install_data
[0.486s] running egg_info
[0.493s] writing ../../build/demo_python_topic/demo_python_topic.egg-info/PKG-INFO
[0.493s] writing dependency_links to ../../build/demo_python_topic/demo_python_topic.egg-info/dependency_links.txt
[0.493s] writing entry points to ../../build/demo_python_topic/demo_python_topic.egg-info/entry_points.txt
[0.493s] writing requirements to ../../build/demo_python_topic/demo_python_topic.egg-info/requires.txt
[0.493s] writing top-level names to ../../build/demo_python_topic/demo_python_topic.egg-info/top_level.txt
[0.508s] reading manifest file '../../build/demo_python_topic/demo_python_topic.egg-info/SOURCES.txt'
[0.509s] adding license file 'LICENSE'
[0.509s] writing manifest file '../../build/demo_python_topic/demo_python_topic.egg-info/SOURCES.txt'
[0.509s] running build
[0.509s] running build_py
[0.509s] running install
[0.513s] running install_lib
[0.521s] running install_data
[0.521s] running install_egg_info
[0.529s] removing '/home/anyya/chapt3/topic_ws/install/demo_python_topic/lib/python3.12/site-packages/demo_python_topic-0.0.0-py3.12.egg-info' (and everything under it)
[0.529s] Copying ../../build/demo_python_topic/demo_python_topic.egg-info to /home/anyya/chapt3/topic_ws/install/demo_python_topic/lib/python3.12/site-packages/demo_python_topic-0.0.0-py3.12.egg-info
[0.530s] running install_scripts
[0.586s] Installing novel_pub_node script to /home/anyya/chapt3/topic_ws/install/demo_python_topic/lib/demo_python_topic
[0.586s] writing list of installed files to '/home/anyya/chapt3/topic_ws/build/demo_python_topic/install.log'
[0.599s] Invoked command in '/home/anyya/chapt3/topic_ws/src/demo_python_topic' returned '0': DEBUGINFOD_URLS=https://debuginfod.ubuntu.com PYTHONPATH=/home/anyya/chapt3/topic_ws/build/demo_python_topic/prefix_override:/usr/lib/python3/dist-packages/colcon_core/task/python/colcon_distutils_commands:/home/anyya/chapt3/topic_ws/install/demo_python_topic/lib/python3.12/site-packages:${PYTHONPATH} /usr/bin/python3 -W ignore:setup.py install is deprecated -W ignore:easy_install command is deprecated setup.py egg_info --egg-base ../../build/demo_python_topic build --build-base /home/anyya/chapt3/topic_ws/build/demo_python_topic/build install --record /home/anyya/chapt3/topic_ws/build/demo_python_topic/install.log --single-version-externally-managed install_data
