[0.009s] Invoking command in '/home/anyya/chapt3/topic_ws/build/demo_cpp_topic': CMAKE_PREFIX_PATH=${CMAKE_PREFIX_PATH}:/home/anyya/chapt3/topic_ws/install/demo_python_topic:/opt/ros/jazzy DEBUGINFOD_URLS=https://debuginfod.ubuntu.com /usr/bin/cmake --build /home/anyya/chapt3/topic_ws/build/demo_cpp_topic -- -j24 -l24
[0.053s] [ 50%] Built target turtle_control
[0.057s] [100%] Built target turtle_circle
[0.126s] Invoked command in '/home/anyya/chapt3/topic_ws/build/demo_cpp_topic' returned '0': CMAKE_PREFIX_PATH=${CMAKE_PREFIX_PATH}:/home/anyya/chapt3/topic_ws/install/demo_python_topic:/opt/ros/jazzy DEBUGINFOD_URLS=https://debuginfod.ubuntu.com /usr/bin/cmake --build /home/anyya/chapt3/topic_ws/build/demo_cpp_topic -- -j24 -l24
[0.134s] Invoking command in '/home/anyya/chapt3/topic_ws/build/demo_cpp_topic': CMAKE_PREFIX_PATH=${CMAKE_PREFIX_PATH}:/home/anyya/chapt3/topic_ws/install/demo_python_topic:/opt/ros/jazzy DEBUGINFOD_URLS=https://debuginfod.ubuntu.com /usr/bin/cmake --install /home/anyya/chapt3/topic_ws/build/demo_cpp_topic
[0.140s] -- Install configuration: ""
[0.140s] -- Up-to-date: /home/anyya/chapt3/topic_ws/install/demo_cpp_topic/lib/demo_cpp_topic/turtle_circle
[0.140s] -- Up-to-date: /home/anyya/chapt3/topic_ws/install/demo_cpp_topic/lib/demo_cpp_topic/turtle_control
[0.140s] -- Up-to-date: /home/anyya/chapt3/topic_ws/install/demo_cpp_topic/share/ament_index/resource_index/package_run_dependencies/demo_cpp_topic
[0.140s] -- Up-to-date: /home/anyya/chapt3/topic_ws/install/demo_cpp_topic/share/ament_index/resource_index/parent_prefix_path/demo_cpp_topic
[0.141s] -- Up-to-date: /home/anyya/chapt3/topic_ws/install/demo_cpp_topic/share/demo_cpp_topic/environment/ament_prefix_path.sh
[0.141s] -- Up-to-date: /home/anyya/chapt3/topic_ws/install/demo_cpp_topic/share/demo_cpp_topic/environment/ament_prefix_path.dsv
[0.141s] -- Up-to-date: /home/anyya/chapt3/topic_ws/install/demo_cpp_topic/share/demo_cpp_topic/environment/path.sh
[0.141s] -- Up-to-date: /home/anyya/chapt3/topic_ws/install/demo_cpp_topic/share/demo_cpp_topic/environment/path.dsv
[0.141s] -- Up-to-date: /home/anyya/chapt3/topic_ws/install/demo_cpp_topic/share/demo_cpp_topic/local_setup.bash
[0.141s] -- Up-to-date: /home/anyya/chapt3/topic_ws/install/demo_cpp_topic/share/demo_cpp_topic/local_setup.sh
[0.141s] -- Up-to-date: /home/anyya/chapt3/topic_ws/install/demo_cpp_topic/share/demo_cpp_topic/local_setup.zsh
[0.141s] -- Up-to-date: /home/anyya/chapt3/topic_ws/install/demo_cpp_topic/share/demo_cpp_topic/local_setup.dsv
[0.141s] -- Installing: /home/anyya/chapt3/topic_ws/install/demo_cpp_topic/share/demo_cpp_topic/package.dsv
[0.141s] -- Up-to-date: /home/anyya/chapt3/topic_ws/install/demo_cpp_topic/share/ament_index/resource_index/packages/demo_cpp_topic
[0.141s] -- Up-to-date: /home/anyya/chapt3/topic_ws/install/demo_cpp_topic/share/demo_cpp_topic/cmake/demo_cpp_topicConfig.cmake
[0.141s] -- Up-to-date: /home/anyya/chapt3/topic_ws/install/demo_cpp_topic/share/demo_cpp_topic/cmake/demo_cpp_topicConfig-version.cmake
[0.141s] -- Up-to-date: /home/anyya/chapt3/topic_ws/install/demo_cpp_topic/share/demo_cpp_topic/package.xml
[0.142s] Invoked command in '/home/anyya/chapt3/topic_ws/build/demo_cpp_topic' returned '0': CMAKE_PREFIX_PATH=${CMAKE_PREFIX_PATH}:/home/anyya/chapt3/topic_ws/install/demo_python_topic:/opt/ros/jazzy DEBUGINFOD_URLS=https://debuginfod.ubuntu.com /usr/bin/cmake --install /home/anyya/chapt3/topic_ws/build/demo_cpp_topic
