[0.051s] DEBUG:colcon:Command line arguments: ['/usr/bin/colcon', 'build']
[0.051s] DEBUG:colcon:Parsed command line arguments: Namespace(log_base=None, log_level=None, verb_name='build', build_base='build', install_base='install', merge_install=False, symlink_install=False, test_result_base=None, continue_on_error=False, executor='parallel', parallel_workers=24, event_handlers=None, ignore_user_meta=False, metas=['./colcon.meta'], base_paths=['.'], packages_ignore=None, packages_ignore_regex=None, paths=None, packages_up_to=None, packages_up_to_regex=None, packages_above=None, packages_above_and_dependencies=None, packages_above_depth=None, packages_select_by_dep=None, packages_skip_by_dep=None, packages_skip_up_to=None, packages_select_build_failed=False, packages_skip_build_finished=False, packages_select_test_failures=False, packages_skip_test_passed=False, packages_select=None, packages_skip=None, packages_select_regex=None, packages_skip_regex=None, packages_start=None, packages_end=None, allow_overriding=[], cmake_args=None, cmake_target=None, cmake_target_skip_unavailable=False, cmake_clean_cache=False, cmake_clean_first=False, cmake_force_configure=False, ament_cmake_args=None, catkin_cmake_args=None, catkin_skip_building_tests=False, verb_parser=<colcon_defaults.argument_parser.defaults.DefaultArgumentsDecorator object at 0x7451d5365b80>, verb_extension=<colcon_core.verb.build.BuildVerb object at 0x7451d54a1cd0>, main=<bound method BuildVerb.main of <colcon_core.verb.build.BuildVerb object at 0x7451d54a1cd0>>)
[0.070s] Level 1:colcon.colcon_core.package_discovery:discover_packages(colcon_meta) check parameters
[0.070s] Level 1:colcon.colcon_core.package_discovery:discover_packages(recursive) check parameters
[0.070s] Level 1:colcon.colcon_core.package_discovery:discover_packages(ignore) check parameters
[0.070s] Level 1:colcon.colcon_core.package_discovery:discover_packages(path) check parameters
[0.070s] Level 1:colcon.colcon_core.package_discovery:discover_packages(colcon_meta) discover
[0.070s] Level 1:colcon.colcon_core.package_discovery:discover_packages(recursive) discover
[0.070s] INFO:colcon.colcon_core.package_discovery:Crawling recursively for packages in '/home/anyya/chapt3/topic_practice_ws'
[0.070s] Level 1:colcon.colcon_core.package_identification:_identify(.) by extensions ['ignore', 'ignore_ament_install']
[0.071s] Level 1:colcon.colcon_core.package_identification:_identify(.) by extension 'ignore'
[0.071s] Level 1:colcon.colcon_core.package_identification:_identify(.) by extension 'ignore_ament_install'
[0.071s] Level 1:colcon.colcon_core.package_identification:_identify(.) by extensions ['colcon_pkg']
[0.071s] Level 1:colcon.colcon_core.package_identification:_identify(.) by extension 'colcon_pkg'
[0.071s] Level 1:colcon.colcon_core.package_identification:_identify(.) by extensions ['colcon_meta']
[0.071s] Level 1:colcon.colcon_core.package_identification:_identify(.) by extension 'colcon_meta'
[0.071s] Level 1:colcon.colcon_core.package_identification:_identify(.) by extensions ['ros']
[0.071s] Level 1:colcon.colcon_core.package_identification:_identify(.) by extension 'ros'
[0.084s] Level 1:colcon.colcon_core.package_identification:_identify(.) by extensions ['cmake', 'python']
[0.084s] Level 1:colcon.colcon_core.package_identification:_identify(.) by extension 'cmake'
[0.084s] Level 1:colcon.colcon_core.package_identification:_identify(.) by extension 'python'
[0.084s] Level 1:colcon.colcon_core.package_identification:_identify(.) by extensions ['python_setup_py']
[0.084s] Level 1:colcon.colcon_core.package_identification:_identify(.) by extension 'python_setup_py'
[0.084s] Level 1:colcon.colcon_core.package_identification:_identify(build) by extensions ['ignore', 'ignore_ament_install']
[0.084s] Level 1:colcon.colcon_core.package_identification:_identify(build) by extension 'ignore'
[0.084s] Level 1:colcon.colcon_core.package_identification:_identify(build) ignored
[0.085s] Level 1:colcon.colcon_core.package_identification:_identify(install) by extensions ['ignore', 'ignore_ament_install']
[0.085s] Level 1:colcon.colcon_core.package_identification:_identify(install) by extension 'ignore'
[0.085s] Level 1:colcon.colcon_core.package_identification:_identify(install) ignored
[0.085s] Level 1:colcon.colcon_core.package_identification:_identify(log) by extensions ['ignore', 'ignore_ament_install']
[0.085s] Level 1:colcon.colcon_core.package_identification:_identify(log) by extension 'ignore'
[0.085s] Level 1:colcon.colcon_core.package_identification:_identify(log) ignored
[0.085s] Level 1:colcon.colcon_core.package_identification:_identify(src) by extensions ['ignore', 'ignore_ament_install']
[0.085s] Level 1:colcon.colcon_core.package_identification:_identify(src) by extension 'ignore'
[0.085s] Level 1:colcon.colcon_core.package_identification:_identify(src) by extension 'ignore_ament_install'
[0.085s] Level 1:colcon.colcon_core.package_identification:_identify(src) by extensions ['colcon_pkg']
[0.085s] Level 1:colcon.colcon_core.package_identification:_identify(src) by extension 'colcon_pkg'
[0.085s] Level 1:colcon.colcon_core.package_identification:_identify(src) by extensions ['colcon_meta']
[0.085s] Level 1:colcon.colcon_core.package_identification:_identify(src) by extension 'colcon_meta'
[0.085s] Level 1:colcon.colcon_core.package_identification:_identify(src) by extensions ['ros']
[0.085s] Level 1:colcon.colcon_core.package_identification:_identify(src) by extension 'ros'
[0.085s] Level 1:colcon.colcon_core.package_identification:_identify(src) by extensions ['cmake', 'python']
[0.085s] Level 1:colcon.colcon_core.package_identification:_identify(src) by extension 'cmake'
[0.085s] Level 1:colcon.colcon_core.package_identification:_identify(src) by extension 'python'
[0.085s] Level 1:colcon.colcon_core.package_identification:_identify(src) by extensions ['python_setup_py']
[0.085s] Level 1:colcon.colcon_core.package_identification:_identify(src) by extension 'python_setup_py'
[0.085s] Level 1:colcon.colcon_core.package_identification:_identify(src/statu_interfaces) by extensions ['ignore', 'ignore_ament_install']
[0.085s] Level 1:colcon.colcon_core.package_identification:_identify(src/statu_interfaces) by extension 'ignore'
[0.085s] Level 1:colcon.colcon_core.package_identification:_identify(src/statu_interfaces) by extension 'ignore_ament_install'
[0.085s] Level 1:colcon.colcon_core.package_identification:_identify(src/statu_interfaces) by extensions ['colcon_pkg']
[0.085s] Level 1:colcon.colcon_core.package_identification:_identify(src/statu_interfaces) by extension 'colcon_pkg'
[0.085s] Level 1:colcon.colcon_core.package_identification:_identify(src/statu_interfaces) by extensions ['colcon_meta']
[0.085s] Level 1:colcon.colcon_core.package_identification:_identify(src/statu_interfaces) by extension 'colcon_meta'
[0.085s] Level 1:colcon.colcon_core.package_identification:_identify(src/statu_interfaces) by extensions ['ros']
[0.085s] Level 1:colcon.colcon_core.package_identification:_identify(src/statu_interfaces) by extension 'ros'
[0.087s] DEBUG:colcon.colcon_core.package_identification:Package 'src/statu_interfaces' with type 'ros.ament_cmake' and name 'statu_interfaces'
[0.087s] Level 1:colcon.colcon_core.package_identification:_identify(src/status_publisher) by extensions ['ignore', 'ignore_ament_install']
[0.087s] Level 1:colcon.colcon_core.package_identification:_identify(src/status_publisher) by extension 'ignore'
[0.087s] Level 1:colcon.colcon_core.package_identification:_identify(src/status_publisher) by extension 'ignore_ament_install'
[0.087s] Level 1:colcon.colcon_core.package_identification:_identify(src/status_publisher) by extensions ['colcon_pkg']
[0.087s] Level 1:colcon.colcon_core.package_identification:_identify(src/status_publisher) by extension 'colcon_pkg'
[0.087s] Level 1:colcon.colcon_core.package_identification:_identify(src/status_publisher) by extensions ['colcon_meta']
[0.087s] Level 1:colcon.colcon_core.package_identification:_identify(src/status_publisher) by extension 'colcon_meta'
[0.087s] Level 1:colcon.colcon_core.package_identification:_identify(src/status_publisher) by extensions ['ros']
[0.087s] Level 1:colcon.colcon_core.package_identification:_identify(src/status_publisher) by extension 'ros'
[0.087s] DEBUG:colcon.colcon_core.package_identification:Package 'src/status_publisher' with type 'ros.ament_python' and name 'ststus_publisher'
[0.087s] Level 1:colcon.colcon_core.package_discovery:discover_packages(recursive) using defaults
[0.087s] Level 1:colcon.colcon_core.package_discovery:discover_packages(ignore) discover
[0.087s] Level 1:colcon.colcon_core.package_discovery:discover_packages(ignore) using defaults
[0.087s] Level 1:colcon.colcon_core.package_discovery:discover_packages(path) discover
[0.087s] Level 1:colcon.colcon_core.package_discovery:discover_packages(path) using defaults
[0.097s] Level 1:colcon.colcon_core.package_discovery:discover_packages(prefix_path) check parameters
[0.097s] Level 1:colcon.colcon_core.package_discovery:discover_packages(prefix_path) discover
[0.098s] WARNING:colcon.colcon_ros.prefix_path.ament:The path '/home/anyya/chapt3/topic_practice_ws/install/ststus_publisher' in the environment variable AMENT_PREFIX_PATH doesn't exist
[0.098s] DEBUG:colcon.colcon_installed_package_information.package_discovery:Found 1 installed packages in /home/anyya/chapt3/topic_practice_ws/install
[0.099s] DEBUG:colcon.colcon_installed_package_information.package_discovery:Found 286 installed packages in /opt/ros/jazzy
[0.099s] Level 1:colcon.colcon_core.package_discovery:discover_packages(prefix_path) using defaults
[0.119s] Level 5:colcon.colcon_core.verb:set package 'statu_interfaces' build argument 'cmake_args' from command line to 'None'
[0.119s] Level 5:colcon.colcon_core.verb:set package 'statu_interfaces' build argument 'cmake_target' from command line to 'None'
[0.119s] Level 5:colcon.colcon_core.verb:set package 'statu_interfaces' build argument 'cmake_target_skip_unavailable' from command line to 'False'
[0.119s] Level 5:colcon.colcon_core.verb:set package 'statu_interfaces' build argument 'cmake_clean_cache' from command line to 'False'
[0.119s] Level 5:colcon.colcon_core.verb:set package 'statu_interfaces' build argument 'cmake_clean_first' from command line to 'False'
[0.119s] Level 5:colcon.colcon_core.verb:set package 'statu_interfaces' build argument 'cmake_force_configure' from command line to 'False'
[0.119s] Level 5:colcon.colcon_core.verb:set package 'statu_interfaces' build argument 'ament_cmake_args' from command line to 'None'
[0.119s] Level 5:colcon.colcon_core.verb:set package 'statu_interfaces' build argument 'catkin_cmake_args' from command line to 'None'
[0.119s] Level 5:colcon.colcon_core.verb:set package 'statu_interfaces' build argument 'catkin_skip_building_tests' from command line to 'False'
[0.119s] DEBUG:colcon.colcon_core.verb:Building package 'statu_interfaces' with the following arguments: {'ament_cmake_args': None, 'build_base': '/home/anyya/chapt3/topic_practice_ws/build/statu_interfaces', 'catkin_cmake_args': None, 'catkin_skip_building_tests': False, 'cmake_args': None, 'cmake_clean_cache': False, 'cmake_clean_first': False, 'cmake_force_configure': False, 'cmake_target': None, 'cmake_target_skip_unavailable': False, 'install_base': '/home/anyya/chapt3/topic_practice_ws/install/statu_interfaces', 'merge_install': False, 'path': '/home/anyya/chapt3/topic_practice_ws/src/statu_interfaces', 'symlink_install': False, 'test_result_base': None}
[0.119s] Level 5:colcon.colcon_core.verb:set package 'ststus_publisher' build argument 'cmake_args' from command line to 'None'
[0.119s] Level 5:colcon.colcon_core.verb:set package 'ststus_publisher' build argument 'cmake_target' from command line to 'None'
[0.119s] Level 5:colcon.colcon_core.verb:set package 'ststus_publisher' build argument 'cmake_target_skip_unavailable' from command line to 'False'
[0.119s] Level 5:colcon.colcon_core.verb:set package 'ststus_publisher' build argument 'cmake_clean_cache' from command line to 'False'
[0.119s] Level 5:colcon.colcon_core.verb:set package 'ststus_publisher' build argument 'cmake_clean_first' from command line to 'False'
[0.119s] Level 5:colcon.colcon_core.verb:set package 'ststus_publisher' build argument 'cmake_force_configure' from command line to 'False'
[0.119s] Level 5:colcon.colcon_core.verb:set package 'ststus_publisher' build argument 'ament_cmake_args' from command line to 'None'
[0.119s] Level 5:colcon.colcon_core.verb:set package 'ststus_publisher' build argument 'catkin_cmake_args' from command line to 'None'
[0.119s] Level 5:colcon.colcon_core.verb:set package 'ststus_publisher' build argument 'catkin_skip_building_tests' from command line to 'False'
[0.119s] DEBUG:colcon.colcon_core.verb:Building package 'ststus_publisher' with the following arguments: {'ament_cmake_args': None, 'build_base': '/home/anyya/chapt3/topic_practice_ws/build/ststus_publisher', 'catkin_cmake_args': None, 'catkin_skip_building_tests': False, 'cmake_args': None, 'cmake_clean_cache': False, 'cmake_clean_first': False, 'cmake_force_configure': False, 'cmake_target': None, 'cmake_target_skip_unavailable': False, 'install_base': '/home/anyya/chapt3/topic_practice_ws/install/ststus_publisher', 'merge_install': False, 'path': '/home/anyya/chapt3/topic_practice_ws/src/status_publisher', 'symlink_install': False, 'test_result_base': None}
[0.119s] INFO:colcon.colcon_core.executor:Executing jobs using 'parallel' executor
[0.120s] DEBUG:colcon.colcon_parallel_executor.executor.parallel:run_until_complete
[0.120s] INFO:colcon.colcon_ros.task.ament_cmake.build:Building ROS package in '/home/anyya/chapt3/topic_practice_ws/src/statu_interfaces' with build type 'ament_cmake'
[0.120s] INFO:colcon.colcon_cmake.task.cmake.build:Building CMake package in '/home/anyya/chapt3/topic_practice_ws/src/statu_interfaces'
[0.121s] INFO:colcon.colcon_core.plugin_system:Skipping extension 'colcon_core.shell.bat': Not used on non-Windows systems
[0.121s] INFO:colcon.colcon_core.shell:Skip shell extension 'powershell' for command environment: Not usable outside of PowerShell
[0.121s] DEBUG:colcon.colcon_core.shell:Skip shell extension 'dsv' for command environment
[0.127s] DEBUG:colcon.colcon_core.event_handler.log_command:Invoking command in '/home/anyya/chapt3/topic_practice_ws/build/statu_interfaces': CMAKE_PREFIX_PATH=${CMAKE_PREFIX_PATH}:/home/anyya/chapt3/topic_practice_ws/install/ststus_publisher:/opt/ros/jazzy DEBUGINFOD_URLS=https://debuginfod.ubuntu.com /usr/bin/cmake --build /home/anyya/chapt3/topic_practice_ws/build/statu_interfaces -- -j24 -l24
[0.351s] DEBUG:colcon.colcon_core.event_handler.log_command:Invoked command in '/home/anyya/chapt3/topic_practice_ws/build/statu_interfaces' returned '0': CMAKE_PREFIX_PATH=${CMAKE_PREFIX_PATH}:/home/anyya/chapt3/topic_practice_ws/install/ststus_publisher:/opt/ros/jazzy DEBUGINFOD_URLS=https://debuginfod.ubuntu.com /usr/bin/cmake --build /home/anyya/chapt3/topic_practice_ws/build/statu_interfaces -- -j24 -l24
[0.358s] DEBUG:colcon.colcon_core.event_handler.log_command:Invoking command in '/home/anyya/chapt3/topic_practice_ws/build/statu_interfaces': CMAKE_PREFIX_PATH=${CMAKE_PREFIX_PATH}:/home/anyya/chapt3/topic_practice_ws/install/ststus_publisher:/opt/ros/jazzy DEBUGINFOD_URLS=https://debuginfod.ubuntu.com /usr/bin/cmake --install /home/anyya/chapt3/topic_practice_ws/build/statu_interfaces
[0.392s] Level 1:colcon.colcon_core.environment:create_environment_scripts_only(statu_interfaces)
[0.393s] DEBUG:colcon.colcon_core.event_handler.log_command:Invoked command in '/home/anyya/chapt3/topic_practice_ws/build/statu_interfaces' returned '0': CMAKE_PREFIX_PATH=${CMAKE_PREFIX_PATH}:/home/anyya/chapt3/topic_practice_ws/install/ststus_publisher:/opt/ros/jazzy DEBUGINFOD_URLS=https://debuginfod.ubuntu.com /usr/bin/cmake --install /home/anyya/chapt3/topic_practice_ws/build/statu_interfaces
[0.394s] Level 1:colcon.colcon_core.environment:checking '/home/anyya/chapt3/topic_practice_ws/install/statu_interfaces' for CMake module files
[0.394s] Level 1:colcon.colcon_core.environment:checking '/home/anyya/chapt3/topic_practice_ws/install/statu_interfaces' for CMake config files
[0.394s] Level 1:colcon.colcon_core.shell:create_environment_hook('statu_interfaces', 'cmake_prefix_path')
[0.394s] INFO:colcon.colcon_core.shell:Creating environment hook '/home/anyya/chapt3/topic_practice_ws/install/statu_interfaces/share/statu_interfaces/hook/cmake_prefix_path.ps1'
[0.395s] INFO:colcon.colcon_core.shell:Creating environment descriptor '/home/anyya/chapt3/topic_practice_ws/install/statu_interfaces/share/statu_interfaces/hook/cmake_prefix_path.dsv'
[0.395s] INFO:colcon.colcon_core.shell:Creating environment hook '/home/anyya/chapt3/topic_practice_ws/install/statu_interfaces/share/statu_interfaces/hook/cmake_prefix_path.sh'
[0.395s] Level 1:colcon.colcon_core.environment:checking '/home/anyya/chapt3/topic_practice_ws/install/statu_interfaces/lib'
[0.395s] Level 1:colcon.colcon_core.shell:create_environment_hook('statu_interfaces', 'ld_library_path_lib')
[0.395s] INFO:colcon.colcon_core.shell:Creating environment hook '/home/anyya/chapt3/topic_practice_ws/install/statu_interfaces/share/statu_interfaces/hook/ld_library_path_lib.ps1'
[0.395s] INFO:colcon.colcon_core.shell:Creating environment descriptor '/home/anyya/chapt3/topic_practice_ws/install/statu_interfaces/share/statu_interfaces/hook/ld_library_path_lib.dsv'
[0.396s] INFO:colcon.colcon_core.shell:Creating environment hook '/home/anyya/chapt3/topic_practice_ws/install/statu_interfaces/share/statu_interfaces/hook/ld_library_path_lib.sh'
[0.396s] Level 1:colcon.colcon_core.environment:checking '/home/anyya/chapt3/topic_practice_ws/install/statu_interfaces/bin'
[0.396s] Level 1:colcon.colcon_core.environment:checking '/home/anyya/chapt3/topic_practice_ws/install/statu_interfaces/lib/pkgconfig/statu_interfaces.pc'
[0.396s] Level 1:colcon.colcon_core.environment:checking '/home/anyya/chapt3/topic_practice_ws/install/statu_interfaces/lib/python3.12/site-packages'
[0.396s] Level 1:colcon.colcon_core.shell:create_environment_hook('statu_interfaces', 'pythonpath')
[0.396s] INFO:colcon.colcon_core.shell:Creating environment hook '/home/anyya/chapt3/topic_practice_ws/install/statu_interfaces/share/statu_interfaces/hook/pythonpath.ps1'
[0.396s] INFO:colcon.colcon_core.shell:Creating environment descriptor '/home/anyya/chapt3/topic_practice_ws/install/statu_interfaces/share/statu_interfaces/hook/pythonpath.dsv'
[0.397s] INFO:colcon.colcon_core.shell:Creating environment hook '/home/anyya/chapt3/topic_practice_ws/install/statu_interfaces/share/statu_interfaces/hook/pythonpath.sh'
[0.397s] Level 1:colcon.colcon_core.environment:checking '/home/anyya/chapt3/topic_practice_ws/install/statu_interfaces/bin'
[0.397s] INFO:colcon.colcon_core.shell:Creating package script '/home/anyya/chapt3/topic_practice_ws/install/statu_interfaces/share/statu_interfaces/package.ps1'
[0.397s] INFO:colcon.colcon_core.shell:Creating package descriptor '/home/anyya/chapt3/topic_practice_ws/install/statu_interfaces/share/statu_interfaces/package.dsv'
[0.398s] INFO:colcon.colcon_core.shell:Creating package script '/home/anyya/chapt3/topic_practice_ws/install/statu_interfaces/share/statu_interfaces/package.sh'
[0.398s] INFO:colcon.colcon_core.shell:Creating package script '/home/anyya/chapt3/topic_practice_ws/install/statu_interfaces/share/statu_interfaces/package.bash'
[0.398s] INFO:colcon.colcon_core.shell:Creating package script '/home/anyya/chapt3/topic_practice_ws/install/statu_interfaces/share/statu_interfaces/package.zsh'
[0.398s] Level 1:colcon.colcon_core.environment:create_file_with_runtime_dependencies(/home/anyya/chapt3/topic_practice_ws/install/statu_interfaces/share/colcon-core/packages/statu_interfaces)
[0.399s] Level 1:colcon.colcon_core.environment:create_environment_scripts_only(statu_interfaces)
[0.399s] Level 1:colcon.colcon_core.environment:checking '/home/anyya/chapt3/topic_practice_ws/install/statu_interfaces' for CMake module files
[0.399s] Level 1:colcon.colcon_core.environment:checking '/home/anyya/chapt3/topic_practice_ws/install/statu_interfaces' for CMake config files
[0.400s] Level 1:colcon.colcon_core.shell:create_environment_hook('statu_interfaces', 'cmake_prefix_path')
[0.400s] INFO:colcon.colcon_core.shell:Creating environment hook '/home/anyya/chapt3/topic_practice_ws/install/statu_interfaces/share/statu_interfaces/hook/cmake_prefix_path.ps1'
[0.400s] INFO:colcon.colcon_core.shell:Creating environment descriptor '/home/anyya/chapt3/topic_practice_ws/install/statu_interfaces/share/statu_interfaces/hook/cmake_prefix_path.dsv'
[0.400s] INFO:colcon.colcon_core.shell:Creating environment hook '/home/anyya/chapt3/topic_practice_ws/install/statu_interfaces/share/statu_interfaces/hook/cmake_prefix_path.sh'
[0.400s] Level 1:colcon.colcon_core.environment:checking '/home/anyya/chapt3/topic_practice_ws/install/statu_interfaces/lib'
[0.400s] Level 1:colcon.colcon_core.shell:create_environment_hook('statu_interfaces', 'ld_library_path_lib')
[0.400s] INFO:colcon.colcon_core.shell:Creating environment hook '/home/anyya/chapt3/topic_practice_ws/install/statu_interfaces/share/statu_interfaces/hook/ld_library_path_lib.ps1'
[0.401s] INFO:colcon.colcon_core.shell:Creating environment descriptor '/home/anyya/chapt3/topic_practice_ws/install/statu_interfaces/share/statu_interfaces/hook/ld_library_path_lib.dsv'
[0.401s] INFO:colcon.colcon_core.shell:Creating environment hook '/home/anyya/chapt3/topic_practice_ws/install/statu_interfaces/share/statu_interfaces/hook/ld_library_path_lib.sh'
[0.401s] Level 1:colcon.colcon_core.environment:checking '/home/anyya/chapt3/topic_practice_ws/install/statu_interfaces/bin'
[0.401s] Level 1:colcon.colcon_core.environment:checking '/home/anyya/chapt3/topic_practice_ws/install/statu_interfaces/lib/pkgconfig/statu_interfaces.pc'
[0.401s] Level 1:colcon.colcon_core.environment:checking '/home/anyya/chapt3/topic_practice_ws/install/statu_interfaces/lib/python3.12/site-packages'
[0.401s] Level 1:colcon.colcon_core.shell:create_environment_hook('statu_interfaces', 'pythonpath')
[0.401s] INFO:colcon.colcon_core.shell:Creating environment hook '/home/anyya/chapt3/topic_practice_ws/install/statu_interfaces/share/statu_interfaces/hook/pythonpath.ps1'
[0.401s] INFO:colcon.colcon_core.shell:Creating environment descriptor '/home/anyya/chapt3/topic_practice_ws/install/statu_interfaces/share/statu_interfaces/hook/pythonpath.dsv'
[0.402s] INFO:colcon.colcon_core.shell:Creating environment hook '/home/anyya/chapt3/topic_practice_ws/install/statu_interfaces/share/statu_interfaces/hook/pythonpath.sh'
[0.402s] Level 1:colcon.colcon_core.environment:checking '/home/anyya/chapt3/topic_practice_ws/install/statu_interfaces/bin'
[0.402s] INFO:colcon.colcon_core.shell:Creating package script '/home/anyya/chapt3/topic_practice_ws/install/statu_interfaces/share/statu_interfaces/package.ps1'
[0.402s] INFO:colcon.colcon_core.shell:Creating package descriptor '/home/anyya/chapt3/topic_practice_ws/install/statu_interfaces/share/statu_interfaces/package.dsv'
[0.403s] INFO:colcon.colcon_core.shell:Creating package script '/home/anyya/chapt3/topic_practice_ws/install/statu_interfaces/share/statu_interfaces/package.sh'
[0.403s] INFO:colcon.colcon_core.shell:Creating package script '/home/anyya/chapt3/topic_practice_ws/install/statu_interfaces/share/statu_interfaces/package.bash'
[0.403s] INFO:colcon.colcon_core.shell:Creating package script '/home/anyya/chapt3/topic_practice_ws/install/statu_interfaces/share/statu_interfaces/package.zsh'
[0.403s] Level 1:colcon.colcon_core.environment:create_file_with_runtime_dependencies(/home/anyya/chapt3/topic_practice_ws/install/statu_interfaces/share/colcon-core/packages/statu_interfaces)
[0.403s] INFO:colcon.colcon_ros.task.ament_python.build:Building ROS package in '/home/anyya/chapt3/topic_practice_ws/src/status_publisher' with build type 'ament_python'
[0.403s] Level 1:colcon.colcon_core.shell:create_environment_hook('ststus_publisher', 'ament_prefix_path')
[0.403s] INFO:colcon.colcon_core.shell:Creating environment hook '/home/anyya/chapt3/topic_practice_ws/install/ststus_publisher/share/ststus_publisher/hook/ament_prefix_path.ps1'
[0.404s] INFO:colcon.colcon_core.shell:Creating environment descriptor '/home/anyya/chapt3/topic_practice_ws/install/ststus_publisher/share/ststus_publisher/hook/ament_prefix_path.dsv'
[0.404s] INFO:colcon.colcon_core.shell:Creating environment hook '/home/anyya/chapt3/topic_practice_ws/install/ststus_publisher/share/ststus_publisher/hook/ament_prefix_path.sh'
[0.404s] INFO:colcon.colcon_core.shell:Skip shell extension 'powershell' for command environment: Not usable outside of PowerShell
[0.404s] DEBUG:colcon.colcon_core.shell:Skip shell extension 'dsv' for command environment
[0.512s] WARNING:colcon.colcon_ros.task.ament_python.build:Package 'ststus_publisher' doesn't explicitly install a marker in the package index (colcon-ros currently does it implicitly but that fallback will be removed in the future)
[0.513s] WARNING:colcon.colcon_ros.task.ament_python.build:Package 'ststus_publisher' doesn't explicitly install the 'package.xml' file (colcon-ros currently does it implicitly but that fallback will be removed in the future)
[0.513s] INFO:colcon.colcon_core.task.python.build:Building Python package in '/home/anyya/chapt3/topic_practice_ws/src/status_publisher'
[0.513s] INFO:colcon.colcon_core.shell:Skip shell extension 'powershell' for command environment: Not usable outside of PowerShell
[0.513s] DEBUG:colcon.colcon_core.shell:Skip shell extension 'dsv' for command environment
[0.780s] DEBUG:colcon.colcon_core.event_handler.log_command:Invoking command in '/home/anyya/chapt3/topic_practice_ws/src/status_publisher': DEBUGINFOD_URLS=https://debuginfod.ubuntu.com PYTHONPATH=/home/anyya/chapt3/topic_practice_ws/build/ststus_publisher/prefix_override:/usr/lib/python3/dist-packages/colcon_core/task/python/colcon_distutils_commands:/home/anyya/chapt3/topic_practice_ws/install/ststus_publisher/lib/python3.12/site-packages:/home/anyya/chapt3/topic_practice_ws/install/statu_interfaces/lib/python3.12/site-packages:/home/anyya/chapt3/topic_practice_ws/install/ststus_publisher/lib/python3.12/site-packages:/opt/ros/jazzy/lib/python3.12/site-packages /usr/bin/python3 -W ignore:setup.py install is deprecated -W ignore:easy_install command is deprecated setup.py egg_info --egg-base ../../build/ststus_publisher build --build-base /home/anyya/chapt3/topic_practice_ws/build/ststus_publisher/build install --record /home/anyya/chapt3/topic_practice_ws/build/ststus_publisher/install.log --single-version-externally-managed install_data
[0.954s] DEBUG:colcon.colcon_core.event_handler.log_command:Invoked command in '/home/anyya/chapt3/topic_practice_ws/src/status_publisher' returned '1': DEBUGINFOD_URLS=https://debuginfod.ubuntu.com PYTHONPATH=/home/anyya/chapt3/topic_practice_ws/build/ststus_publisher/prefix_override:/usr/lib/python3/dist-packages/colcon_core/task/python/colcon_distutils_commands:/home/anyya/chapt3/topic_practice_ws/install/ststus_publisher/lib/python3.12/site-packages:/home/anyya/chapt3/topic_practice_ws/install/statu_interfaces/lib/python3.12/site-packages:/home/anyya/chapt3/topic_practice_ws/install/ststus_publisher/lib/python3.12/site-packages:/opt/ros/jazzy/lib/python3.12/site-packages /usr/bin/python3 -W ignore:setup.py install is deprecated -W ignore:easy_install command is deprecated setup.py egg_info --egg-base ../../build/ststus_publisher build --build-base /home/anyya/chapt3/topic_practice_ws/build/ststus_publisher/build install --record /home/anyya/chapt3/topic_practice_ws/build/ststus_publisher/install.log --single-version-externally-managed install_data
[0.964s] DEBUG:colcon.colcon_parallel_executor.executor.parallel:closing loop
[0.964s] DEBUG:colcon.colcon_parallel_executor.executor.parallel:loop closed
[0.964s] DEBUG:colcon.colcon_parallel_executor.executor.parallel:run_until_complete finished with '1'
[0.964s] DEBUG:colcon.colcon_core.event_reactor:joining thread
[0.967s] INFO:colcon.colcon_core.plugin_system:Skipping extension 'colcon_notification.desktop_notification.terminal_notifier': Not used on non-Darwin systems
[0.967s] INFO:colcon.colcon_core.plugin_system:Skipping extension 'colcon_notification.desktop_notification.win32': Not used on non-Windows systems
[0.967s] INFO:colcon.colcon_notification.desktop_notification:Sending desktop notification using 'notify2'
[0.991s] DEBUG:colcon.colcon_core.event_reactor:joined thread
[0.991s] INFO:colcon.colcon_core.shell:Creating prefix script '/home/anyya/chapt3/topic_practice_ws/install/local_setup.ps1'
[0.991s] INFO:colcon.colcon_core.shell:Creating prefix util module '/home/anyya/chapt3/topic_practice_ws/install/_local_setup_util_ps1.py'
[0.992s] INFO:colcon.colcon_core.shell:Creating prefix chain script '/home/anyya/chapt3/topic_practice_ws/install/setup.ps1'
[0.992s] INFO:colcon.colcon_core.shell:Creating prefix script '/home/anyya/chapt3/topic_practice_ws/install/local_setup.sh'
[0.993s] INFO:colcon.colcon_core.shell:Creating prefix util module '/home/anyya/chapt3/topic_practice_ws/install/_local_setup_util_sh.py'
[0.993s] INFO:colcon.colcon_core.shell:Creating prefix chain script '/home/anyya/chapt3/topic_practice_ws/install/setup.sh'
[0.994s] INFO:colcon.colcon_core.shell:Creating prefix script '/home/anyya/chapt3/topic_practice_ws/install/local_setup.bash'
[0.994s] INFO:colcon.colcon_core.shell:Creating prefix chain script '/home/anyya/chapt3/topic_practice_ws/install/setup.bash'
[0.994s] INFO:colcon.colcon_core.shell:Creating prefix script '/home/anyya/chapt3/topic_practice_ws/install/local_setup.zsh'
[0.994s] INFO:colcon.colcon_core.shell:Creating prefix chain script '/home/anyya/chapt3/topic_practice_ws/install/setup.zsh'
