[0.007s] Invoking command in '/home/anyya/chapt3/topic_practice_ws/build/statu_interfaces': CMAKE_PREFIX_PATH=${CMAKE_PREFIX_PATH}:/home/anyya/chapt3/topic_practice_ws/install/ststus_publisher:/opt/ros/jazzy DEBUGINFOD_URLS=https://debuginfod.ubuntu.com /usr/bin/cmake --build /home/anyya/chapt3/topic_practice_ws/build/statu_interfaces -- -j24 -l24
[0.046s] [  2%] Built target statu_interfaces__rosidl_generator_type_description
[0.053s] [  2%] Built target ament_cmake_python_copy_statu_interfaces
[0.059s] [ 17%] Built target statu_interfaces__rosidl_generator_c
[0.060s] [ 20%] Built target statu_interfaces__cpp
[0.070s] [ 32%] Built target statu_interfaces__rosidl_typesupport_c
[0.070s] [ 38%] Built target statu_interfaces__rosidl_typesupport_introspection_c
[0.071s] [ 47%] Built target statu_interfaces__rosidl_typesupport_fastrtps_c
[0.072s] [ 55%] Built target statu_interfaces__rosidl_typesupport_fastrtps_cpp
[0.072s] [ 64%] Built target statu_interfaces__rosidl_typesupport_cpp
[0.075s] [ 73%] Built target statu_interfaces__rosidl_typesupport_introspection_cpp
[0.090s] [ 73%] Built target statu_interfaces
[0.107s] [ 76%] Built target statu_interfaces__py
[0.127s] [ 82%] Built target statu_interfaces__rosidl_generator_py
[0.143s] [ 88%] Built target statu_interfaces_s__rosidl_typesupport_fastrtps_c
[0.143s] [100%] Built target statu_interfaces_s__rosidl_typesupport_introspection_c
[0.143s] [100%] Built target statu_interfaces_s__rosidl_typesupport_c
[0.173s] running egg_info
[0.181s] writing statu_interfaces.egg-info/PKG-INFO
[0.181s] writing dependency_links to statu_interfaces.egg-info/dependency_links.txt
[0.181s] writing top-level names to statu_interfaces.egg-info/top_level.txt
[0.206s] reading manifest file 'statu_interfaces.egg-info/SOURCES.txt'
[0.206s] writing manifest file 'statu_interfaces.egg-info/SOURCES.txt'
[0.223s] [100%] Built target ament_cmake_python_build_statu_interfaces_egg
[0.231s] Invoked command in '/home/anyya/chapt3/topic_practice_ws/build/statu_interfaces' returned '0': CMAKE_PREFIX_PATH=${CMAKE_PREFIX_PATH}:/home/anyya/chapt3/topic_practice_ws/install/ststus_publisher:/opt/ros/jazzy DEBUGINFOD_URLS=https://debuginfod.ubuntu.com /usr/bin/cmake --build /home/anyya/chapt3/topic_practice_ws/build/statu_interfaces -- -j24 -l24
[0.238s] Invoking command in '/home/anyya/chapt3/topic_practice_ws/build/statu_interfaces': CMAKE_PREFIX_PATH=${CMAKE_PREFIX_PATH}:/home/anyya/chapt3/topic_practice_ws/install/ststus_publisher:/opt/ros/jazzy DEBUGINFOD_URLS=https://debuginfod.ubuntu.com /usr/bin/cmake --install /home/anyya/chapt3/topic_practice_ws/build/statu_interfaces
[0.244s] -- Install configuration: ""
[0.244s] -- Up-to-date: /home/anyya/chapt3/topic_practice_ws/install/statu_interfaces/share/ament_index/resource_index/rosidl_interfaces/statu_interfaces
[0.244s] -- Up-to-date: /home/anyya/chapt3/topic_practice_ws/install/statu_interfaces/share/statu_interfaces/msg/SystemStatus.json
[0.244s] -- Up-to-date: /home/anyya/chapt3/topic_practice_ws/install/statu_interfaces/include/statu_interfaces/statu_interfaces
[0.244s] -- Up-to-date: /home/anyya/chapt3/topic_practice_ws/install/statu_interfaces/include/statu_interfaces/statu_interfaces/msg
[0.244s] -- Up-to-date: /home/anyya/chapt3/topic_practice_ws/install/statu_interfaces/include/statu_interfaces/statu_interfaces/msg/rosidl_generator_c__visibility_control.h
[0.244s] -- Up-to-date: /home/anyya/chapt3/topic_practice_ws/install/statu_interfaces/include/statu_interfaces/statu_interfaces/msg/detail
[0.244s] -- Up-to-date: /home/anyya/chapt3/topic_practice_ws/install/statu_interfaces/include/statu_interfaces/statu_interfaces/msg/detail/system_status__description.c
[0.244s] -- Up-to-date: /home/anyya/chapt3/topic_practice_ws/install/statu_interfaces/include/statu_interfaces/statu_interfaces/msg/detail/system_status__type_support.h
[0.244s] -- Up-to-date: /home/anyya/chapt3/topic_practice_ws/install/statu_interfaces/include/statu_interfaces/statu_interfaces/msg/detail/system_status__functions.c
[0.244s] -- Up-to-date: /home/anyya/chapt3/topic_practice_ws/install/statu_interfaces/include/statu_interfaces/statu_interfaces/msg/detail/system_status__type_support.c
[0.244s] -- Up-to-date: /home/anyya/chapt3/topic_practice_ws/install/statu_interfaces/include/statu_interfaces/statu_interfaces/msg/detail/system_status__struct.h
[0.244s] -- Up-to-date: /home/anyya/chapt3/topic_practice_ws/install/statu_interfaces/include/statu_interfaces/statu_interfaces/msg/detail/system_status__functions.h
[0.244s] -- Up-to-date: /home/anyya/chapt3/topic_practice_ws/install/statu_interfaces/include/statu_interfaces/statu_interfaces/msg/system_status.h
[0.244s] -- Up-to-date: /home/anyya/chapt3/topic_practice_ws/install/statu_interfaces/share/statu_interfaces/environment/library_path.sh
[0.244s] -- Up-to-date: /home/anyya/chapt3/topic_practice_ws/install/statu_interfaces/share/statu_interfaces/environment/library_path.dsv
[0.244s] -- Up-to-date: /home/anyya/chapt3/topic_practice_ws/install/statu_interfaces/lib/libstatu_interfaces__rosidl_generator_c.so
[0.244s] -- Up-to-date: /home/anyya/chapt3/topic_practice_ws/install/statu_interfaces/include/statu_interfaces/statu_interfaces
[0.244s] -- Up-to-date: /home/anyya/chapt3/topic_practice_ws/install/statu_interfaces/include/statu_interfaces/statu_interfaces/msg
[0.244s] -- Up-to-date: /home/anyya/chapt3/topic_practice_ws/install/statu_interfaces/include/statu_interfaces/statu_interfaces/msg/rosidl_typesupport_fastrtps_c__visibility_control.h
[0.245s] -- Up-to-date: /home/anyya/chapt3/topic_practice_ws/install/statu_interfaces/include/statu_interfaces/statu_interfaces/msg/detail
[0.245s] -- Up-to-date: /home/anyya/chapt3/topic_practice_ws/install/statu_interfaces/include/statu_interfaces/statu_interfaces/msg/detail/system_status__rosidl_typesupport_fastrtps_c.h
[0.245s] -- Up-to-date: /home/anyya/chapt3/topic_practice_ws/install/statu_interfaces/lib/libstatu_interfaces__rosidl_typesupport_fastrtps_c.so
[0.245s] -- Up-to-date: /home/anyya/chapt3/topic_practice_ws/install/statu_interfaces/include/statu_interfaces/statu_interfaces
[0.245s] -- Up-to-date: /home/anyya/chapt3/topic_practice_ws/install/statu_interfaces/include/statu_interfaces/statu_interfaces/msg
[0.245s] -- Up-to-date: /home/anyya/chapt3/topic_practice_ws/install/statu_interfaces/include/statu_interfaces/statu_interfaces/msg/system_status.hpp
[0.245s] -- Up-to-date: /home/anyya/chapt3/topic_practice_ws/install/statu_interfaces/include/statu_interfaces/statu_interfaces/msg/detail
[0.245s] -- Up-to-date: /home/anyya/chapt3/topic_practice_ws/install/statu_interfaces/include/statu_interfaces/statu_interfaces/msg/detail/system_status__type_support.hpp
[0.245s] -- Up-to-date: /home/anyya/chapt3/topic_practice_ws/install/statu_interfaces/include/statu_interfaces/statu_interfaces/msg/detail/system_status__traits.hpp
[0.245s] -- Up-to-date: /home/anyya/chapt3/topic_practice_ws/install/statu_interfaces/include/statu_interfaces/statu_interfaces/msg/detail/system_status__builder.hpp
[0.245s] -- Up-to-date: /home/anyya/chapt3/topic_practice_ws/install/statu_interfaces/include/statu_interfaces/statu_interfaces/msg/detail/system_status__struct.hpp
[0.245s] -- Up-to-date: /home/anyya/chapt3/topic_practice_ws/install/statu_interfaces/include/statu_interfaces/statu_interfaces/msg/rosidl_generator_cpp__visibility_control.hpp
[0.245s] -- Up-to-date: /home/anyya/chapt3/topic_practice_ws/install/statu_interfaces/include/statu_interfaces/statu_interfaces
[0.245s] -- Up-to-date: /home/anyya/chapt3/topic_practice_ws/install/statu_interfaces/include/statu_interfaces/statu_interfaces/msg
[0.245s] -- Up-to-date: /home/anyya/chapt3/topic_practice_ws/install/statu_interfaces/include/statu_interfaces/statu_interfaces/msg/rosidl_typesupport_fastrtps_cpp__visibility_control.h
[0.245s] -- Up-to-date: /home/anyya/chapt3/topic_practice_ws/install/statu_interfaces/include/statu_interfaces/statu_interfaces/msg/detail
[0.245s] -- Up-to-date: /home/anyya/chapt3/topic_practice_ws/install/statu_interfaces/include/statu_interfaces/statu_interfaces/msg/detail/dds_fastrtps
[0.245s] -- Up-to-date: /home/anyya/chapt3/topic_practice_ws/install/statu_interfaces/include/statu_interfaces/statu_interfaces/msg/detail/system_status__rosidl_typesupport_fastrtps_cpp.hpp
[0.245s] -- Up-to-date: /home/anyya/chapt3/topic_practice_ws/install/statu_interfaces/lib/libstatu_interfaces__rosidl_typesupport_fastrtps_cpp.so
[0.245s] -- Up-to-date: /home/anyya/chapt3/topic_practice_ws/install/statu_interfaces/include/statu_interfaces/statu_interfaces
[0.245s] -- Up-to-date: /home/anyya/chapt3/topic_practice_ws/install/statu_interfaces/include/statu_interfaces/statu_interfaces/msg
[0.245s] -- Up-to-date: /home/anyya/chapt3/topic_practice_ws/install/statu_interfaces/include/statu_interfaces/statu_interfaces/msg/detail
[0.245s] -- Up-to-date: /home/anyya/chapt3/topic_practice_ws/install/statu_interfaces/include/statu_interfaces/statu_interfaces/msg/detail/system_status__type_support.c
[0.245s] -- Up-to-date: /home/anyya/chapt3/topic_practice_ws/install/statu_interfaces/include/statu_interfaces/statu_interfaces/msg/detail/system_status__rosidl_typesupport_introspection_c.h
[0.245s] -- Up-to-date: /home/anyya/chapt3/topic_practice_ws/install/statu_interfaces/include/statu_interfaces/statu_interfaces/msg/rosidl_typesupport_introspection_c__visibility_control.h
[0.245s] -- Up-to-date: /home/anyya/chapt3/topic_practice_ws/install/statu_interfaces/lib/libstatu_interfaces__rosidl_typesupport_introspection_c.so
[0.245s] -- Up-to-date: /home/anyya/chapt3/topic_practice_ws/install/statu_interfaces/lib/libstatu_interfaces__rosidl_typesupport_c.so
[0.245s] -- Up-to-date: /home/anyya/chapt3/topic_practice_ws/install/statu_interfaces/include/statu_interfaces/statu_interfaces
[0.245s] -- Up-to-date: /home/anyya/chapt3/topic_practice_ws/install/statu_interfaces/include/statu_interfaces/statu_interfaces/msg
[0.245s] -- Up-to-date: /home/anyya/chapt3/topic_practice_ws/install/statu_interfaces/include/statu_interfaces/statu_interfaces/msg/detail
[0.245s] -- Up-to-date: /home/anyya/chapt3/topic_practice_ws/install/statu_interfaces/include/statu_interfaces/statu_interfaces/msg/detail/system_status__rosidl_typesupport_introspection_cpp.hpp
[0.245s] -- Up-to-date: /home/anyya/chapt3/topic_practice_ws/install/statu_interfaces/include/statu_interfaces/statu_interfaces/msg/detail/system_status__type_support.cpp
[0.246s] -- Up-to-date: /home/anyya/chapt3/topic_practice_ws/install/statu_interfaces/lib/libstatu_interfaces__rosidl_typesupport_introspection_cpp.so
[0.246s] -- Up-to-date: /home/anyya/chapt3/topic_practice_ws/install/statu_interfaces/lib/libstatu_interfaces__rosidl_typesupport_cpp.so
[0.246s] -- Up-to-date: /home/anyya/chapt3/topic_practice_ws/install/statu_interfaces/share/statu_interfaces/environment/pythonpath.sh
[0.246s] -- Up-to-date: /home/anyya/chapt3/topic_practice_ws/install/statu_interfaces/share/statu_interfaces/environment/pythonpath.dsv
[0.246s] -- Up-to-date: /home/anyya/chapt3/topic_practice_ws/install/statu_interfaces/lib/python3.12/site-packages/statu_interfaces-0.0.0-py3.12.egg-info
[0.246s] -- Installing: /home/anyya/chapt3/topic_practice_ws/install/statu_interfaces/lib/python3.12/site-packages/statu_interfaces-0.0.0-py3.12.egg-info/PKG-INFO
[0.246s] -- Installing: /home/anyya/chapt3/topic_practice_ws/install/statu_interfaces/lib/python3.12/site-packages/statu_interfaces-0.0.0-py3.12.egg-info/SOURCES.txt
[0.246s] -- Installing: /home/anyya/chapt3/topic_practice_ws/install/statu_interfaces/lib/python3.12/site-packages/statu_interfaces-0.0.0-py3.12.egg-info/top_level.txt
[0.246s] -- Installing: /home/anyya/chapt3/topic_practice_ws/install/statu_interfaces/lib/python3.12/site-packages/statu_interfaces-0.0.0-py3.12.egg-info/dependency_links.txt
[0.246s] -- Up-to-date: /home/anyya/chapt3/topic_practice_ws/install/statu_interfaces/lib/python3.12/site-packages/statu_interfaces
[0.246s] -- Up-to-date: /home/anyya/chapt3/topic_practice_ws/install/statu_interfaces/lib/python3.12/site-packages/statu_interfaces/__init__.py
[0.246s] -- Up-to-date: /home/anyya/chapt3/topic_practice_ws/install/statu_interfaces/lib/python3.12/site-packages/statu_interfaces/statu_interfaces_s__rosidl_typesupport_fastrtps_c.so
[0.246s] -- Up-to-date: /home/anyya/chapt3/topic_practice_ws/install/statu_interfaces/lib/python3.12/site-packages/statu_interfaces/_statu_interfaces_s.ep.rosidl_typesupport_fastrtps_c.c
[0.246s] -- Up-to-date: /home/anyya/chapt3/topic_practice_ws/install/statu_interfaces/lib/python3.12/site-packages/statu_interfaces/msg
[0.246s] -- Up-to-date: /home/anyya/chapt3/topic_practice_ws/install/statu_interfaces/lib/python3.12/site-packages/statu_interfaces/msg/__init__.py
[0.246s] -- Up-to-date: /home/anyya/chapt3/topic_practice_ws/install/statu_interfaces/lib/python3.12/site-packages/statu_interfaces/msg/_system_status_s.c
[0.246s] -- Up-to-date: /home/anyya/chapt3/topic_practice_ws/install/statu_interfaces/lib/python3.12/site-packages/statu_interfaces/msg/_system_status.py
[0.246s] -- Up-to-date: /home/anyya/chapt3/topic_practice_ws/install/statu_interfaces/lib/python3.12/site-packages/statu_interfaces/_statu_interfaces_s.ep.rosidl_typesupport_introspection_c.c
[0.246s] -- Up-to-date: /home/anyya/chapt3/topic_practice_ws/install/statu_interfaces/lib/python3.12/site-packages/statu_interfaces/_statu_interfaces_s.ep.rosidl_typesupport_c.c
[0.246s] -- Up-to-date: /home/anyya/chapt3/topic_practice_ws/install/statu_interfaces/lib/python3.12/site-packages/statu_interfaces/statu_interfaces_s__rosidl_typesupport_introspection_c.so
[0.246s] -- Up-to-date: /home/anyya/chapt3/topic_practice_ws/install/statu_interfaces/lib/python3.12/site-packages/statu_interfaces/statu_interfaces_s__rosidl_typesupport_c.so
[0.267s] Listing '/home/anyya/chapt3/topic_practice_ws/install/statu_interfaces/lib/python3.12/site-packages/statu_interfaces'...
[0.267s] Listing '/home/anyya/chapt3/topic_practice_ws/install/statu_interfaces/lib/python3.12/site-packages/statu_interfaces/msg'...
[0.269s] -- Up-to-date: /home/anyya/chapt3/topic_practice_ws/install/statu_interfaces/lib/python3.12/site-packages/statu_interfaces/statu_interfaces_s__rosidl_typesupport_fastrtps_c.so
[0.269s] -- Up-to-date: /home/anyya/chapt3/topic_practice_ws/install/statu_interfaces/lib/python3.12/site-packages/statu_interfaces/statu_interfaces_s__rosidl_typesupport_introspection_c.so
[0.269s] -- Up-to-date: /home/anyya/chapt3/topic_practice_ws/install/statu_interfaces/lib/python3.12/site-packages/statu_interfaces/statu_interfaces_s__rosidl_typesupport_c.so
[0.270s] -- Up-to-date: /home/anyya/chapt3/topic_practice_ws/install/statu_interfaces/lib/libstatu_interfaces__rosidl_generator_py.so
[0.270s] -- Up-to-date: /home/anyya/chapt3/topic_practice_ws/install/statu_interfaces/share/statu_interfaces/msg/SystemStatus.idl
[0.270s] -- Up-to-date: /home/anyya/chapt3/topic_practice_ws/install/statu_interfaces/share/statu_interfaces/msg/SystemStatus.msg
[0.270s] -- Up-to-date: /home/anyya/chapt3/topic_practice_ws/install/statu_interfaces/share/ament_index/resource_index/package_run_dependencies/statu_interfaces
[0.270s] -- Up-to-date: /home/anyya/chapt3/topic_practice_ws/install/statu_interfaces/share/ament_index/resource_index/parent_prefix_path/statu_interfaces
[0.270s] -- Up-to-date: /home/anyya/chapt3/topic_practice_ws/install/statu_interfaces/share/statu_interfaces/environment/ament_prefix_path.sh
[0.270s] -- Up-to-date: /home/anyya/chapt3/topic_practice_ws/install/statu_interfaces/share/statu_interfaces/environment/ament_prefix_path.dsv
[0.270s] -- Up-to-date: /home/anyya/chapt3/topic_practice_ws/install/statu_interfaces/share/statu_interfaces/environment/path.sh
[0.270s] -- Up-to-date: /home/anyya/chapt3/topic_practice_ws/install/statu_interfaces/share/statu_interfaces/environment/path.dsv
[0.270s] -- Up-to-date: /home/anyya/chapt3/topic_practice_ws/install/statu_interfaces/share/statu_interfaces/local_setup.bash
[0.270s] -- Up-to-date: /home/anyya/chapt3/topic_practice_ws/install/statu_interfaces/share/statu_interfaces/local_setup.sh
[0.270s] -- Up-to-date: /home/anyya/chapt3/topic_practice_ws/install/statu_interfaces/share/statu_interfaces/local_setup.zsh
[0.270s] -- Up-to-date: /home/anyya/chapt3/topic_practice_ws/install/statu_interfaces/share/statu_interfaces/local_setup.dsv
[0.270s] -- Installing: /home/anyya/chapt3/topic_practice_ws/install/statu_interfaces/share/statu_interfaces/package.dsv
[0.270s] -- Up-to-date: /home/anyya/chapt3/topic_practice_ws/install/statu_interfaces/share/ament_index/resource_index/packages/statu_interfaces
[0.270s] -- Up-to-date: /home/anyya/chapt3/topic_practice_ws/install/statu_interfaces/share/statu_interfaces/cmake/export_statu_interfaces__rosidl_generator_cExport.cmake
[0.270s] -- Up-to-date: /home/anyya/chapt3/topic_practice_ws/install/statu_interfaces/share/statu_interfaces/cmake/export_statu_interfaces__rosidl_generator_cExport-noconfig.cmake
[0.270s] -- Up-to-date: /home/anyya/chapt3/topic_practice_ws/install/statu_interfaces/share/statu_interfaces/cmake/export_statu_interfaces__rosidl_typesupport_fastrtps_cExport.cmake
[0.270s] -- Up-to-date: /home/anyya/chapt3/topic_practice_ws/install/statu_interfaces/share/statu_interfaces/cmake/export_statu_interfaces__rosidl_typesupport_fastrtps_cExport-noconfig.cmake
[0.270s] -- Up-to-date: /home/anyya/chapt3/topic_practice_ws/install/statu_interfaces/share/statu_interfaces/cmake/export_statu_interfaces__rosidl_generator_cppExport.cmake
[0.270s] -- Up-to-date: /home/anyya/chapt3/topic_practice_ws/install/statu_interfaces/share/statu_interfaces/cmake/export_statu_interfaces__rosidl_typesupport_fastrtps_cppExport.cmake
[0.270s] -- Up-to-date: /home/anyya/chapt3/topic_practice_ws/install/statu_interfaces/share/statu_interfaces/cmake/export_statu_interfaces__rosidl_typesupport_fastrtps_cppExport-noconfig.cmake
[0.271s] -- Up-to-date: /home/anyya/chapt3/topic_practice_ws/install/statu_interfaces/share/statu_interfaces/cmake/statu_interfaces__rosidl_typesupport_introspection_cExport.cmake
[0.271s] -- Up-to-date: /home/anyya/chapt3/topic_practice_ws/install/statu_interfaces/share/statu_interfaces/cmake/statu_interfaces__rosidl_typesupport_introspection_cExport-noconfig.cmake
[0.271s] -- Up-to-date: /home/anyya/chapt3/topic_practice_ws/install/statu_interfaces/share/statu_interfaces/cmake/statu_interfaces__rosidl_typesupport_cExport.cmake
[0.271s] -- Up-to-date: /home/anyya/chapt3/topic_practice_ws/install/statu_interfaces/share/statu_interfaces/cmake/statu_interfaces__rosidl_typesupport_cExport-noconfig.cmake
[0.271s] -- Up-to-date: /home/anyya/chapt3/topic_practice_ws/install/statu_interfaces/share/statu_interfaces/cmake/statu_interfaces__rosidl_typesupport_introspection_cppExport.cmake
[0.271s] -- Up-to-date: /home/anyya/chapt3/topic_practice_ws/install/statu_interfaces/share/statu_interfaces/cmake/statu_interfaces__rosidl_typesupport_introspection_cppExport-noconfig.cmake
[0.271s] -- Up-to-date: /home/anyya/chapt3/topic_practice_ws/install/statu_interfaces/share/statu_interfaces/cmake/statu_interfaces__rosidl_typesupport_cppExport.cmake
[0.271s] -- Up-to-date: /home/anyya/chapt3/topic_practice_ws/install/statu_interfaces/share/statu_interfaces/cmake/statu_interfaces__rosidl_typesupport_cppExport-noconfig.cmake
[0.271s] -- Up-to-date: /home/anyya/chapt3/topic_practice_ws/install/statu_interfaces/share/statu_interfaces/cmake/export_statu_interfaces__rosidl_generator_pyExport.cmake
[0.271s] -- Up-to-date: /home/anyya/chapt3/topic_practice_ws/install/statu_interfaces/share/statu_interfaces/cmake/export_statu_interfaces__rosidl_generator_pyExport-noconfig.cmake
[0.271s] -- Up-to-date: /home/anyya/chapt3/topic_practice_ws/install/statu_interfaces/share/statu_interfaces/cmake/rosidl_cmake-extras.cmake
[0.271s] -- Up-to-date: /home/anyya/chapt3/topic_practice_ws/install/statu_interfaces/share/statu_interfaces/cmake/ament_cmake_export_dependencies-extras.cmake
[0.271s] -- Up-to-date: /home/anyya/chapt3/topic_practice_ws/install/statu_interfaces/share/statu_interfaces/cmake/ament_cmake_export_include_directories-extras.cmake
[0.271s] -- Up-to-date: /home/anyya/chapt3/topic_practice_ws/install/statu_interfaces/share/statu_interfaces/cmake/ament_cmake_export_libraries-extras.cmake
[0.271s] -- Up-to-date: /home/anyya/chapt3/topic_practice_ws/install/statu_interfaces/share/statu_interfaces/cmake/ament_cmake_export_targets-extras.cmake
[0.271s] -- Up-to-date: /home/anyya/chapt3/topic_practice_ws/install/statu_interfaces/share/statu_interfaces/cmake/rosidl_cmake_export_typesupport_targets-extras.cmake
[0.271s] -- Up-to-date: /home/anyya/chapt3/topic_practice_ws/install/statu_interfaces/share/statu_interfaces/cmake/rosidl_cmake_export_typesupport_libraries-extras.cmake
[0.271s] -- Up-to-date: /home/anyya/chapt3/topic_practice_ws/install/statu_interfaces/share/statu_interfaces/cmake/statu_interfacesConfig.cmake
[0.271s] -- Up-to-date: /home/anyya/chapt3/topic_practice_ws/install/statu_interfaces/share/statu_interfaces/cmake/statu_interfacesConfig-version.cmake
[0.271s] -- Up-to-date: /home/anyya/chapt3/topic_practice_ws/install/statu_interfaces/share/statu_interfaces/package.xml
[0.273s] Invoked command in '/home/anyya/chapt3/topic_practice_ws/build/statu_interfaces' returned '0': CMAKE_PREFIX_PATH=${CMAKE_PREFIX_PATH}:/home/anyya/chapt3/topic_practice_ws/install/ststus_publisher:/opt/ros/jazzy DEBUGINFOD_URLS=https://debuginfod.ubuntu.com /usr/bin/cmake --install /home/anyya/chapt3/topic_practice_ws/build/statu_interfaces
