[0.008s] Invoking command in '/home/anyya/chapt2/chapt2_ws/build/demo_cpp_pkg': CMAKE_PREFIX_PATH=${CMAKE_PREFIX_PATH}:/home/anyya/chapt2/chapt2_ws/install/demo_python_pkg:/opt/ros/jazzy DEBUGINFOD_URLS=https://debuginfod.ubuntu.com /usr/bin/cmake --build /home/anyya/chapt2/chapt2_ws/build/demo_cpp_pkg -- -j24 -l24
[0.046s] [ 12%] [32mBuilding CXX object CMakeFiles/learn_shared_ptr.dir/src/learn_shared_ptr.cpp.o[0m
[0.048s] [ 37%] Built target learn_auto
[0.052s] [ 62%] Built target cpp_node
[0.053s] [ 87%] Built target person_node
[0.226s] [100%] [32m[1mLinking CXX executable learn_shared_ptr[0m
[0.268s] [100%] Built target learn_shared_ptr
[0.274s] Invoked command in '/home/anyya/chapt2/chapt2_ws/build/demo_cpp_pkg' returned '0': CMAKE_PREFIX_PATH=${CMAKE_PREFIX_PATH}:/home/anyya/chapt2/chapt2_ws/install/demo_python_pkg:/opt/ros/jazzy DEBUGINFOD_URLS=https://debuginfod.ubuntu.com /usr/bin/cmake --build /home/anyya/chapt2/chapt2_ws/build/demo_cpp_pkg -- -j24 -l24
[0.281s] Invoking command in '/home/anyya/chapt2/chapt2_ws/build/demo_cpp_pkg': CMAKE_PREFIX_PATH=${CMAKE_PREFIX_PATH}:/home/anyya/chapt2/chapt2_ws/install/demo_python_pkg:/opt/ros/jazzy DEBUGINFOD_URLS=https://debuginfod.ubuntu.com /usr/bin/cmake --install /home/anyya/chapt2/chapt2_ws/build/demo_cpp_pkg
[0.287s] -- Install configuration: ""
[0.287s] -- Up-to-date: /home/anyya/chapt2/chapt2_ws/install/demo_cpp_pkg/lib/demo_cpp_pkg/cpp_node
[0.287s] -- Up-to-date: /home/anyya/chapt2/chapt2_ws/install/demo_cpp_pkg/lib/demo_cpp_pkg/person_node
[0.287s] -- Up-to-date: /home/anyya/chapt2/chapt2_ws/install/demo_cpp_pkg/lib/demo_cpp_pkg/learn_auto
[0.287s] -- Installing: /home/anyya/chapt2/chapt2_ws/install/demo_cpp_pkg/lib/demo_cpp_pkg/learn_shared_ptr
[0.287s] -- Up-to-date: /home/anyya/chapt2/chapt2_ws/install/demo_cpp_pkg/share/ament_index/resource_index/package_run_dependencies/demo_cpp_pkg
[0.288s] -- Up-to-date: /home/anyya/chapt2/chapt2_ws/install/demo_cpp_pkg/share/ament_index/resource_index/parent_prefix_path/demo_cpp_pkg
[0.288s] -- Up-to-date: /home/anyya/chapt2/chapt2_ws/install/demo_cpp_pkg/share/demo_cpp_pkg/environment/ament_prefix_path.sh
[0.288s] -- Up-to-date: /home/anyya/chapt2/chapt2_ws/install/demo_cpp_pkg/share/demo_cpp_pkg/environment/ament_prefix_path.dsv
[0.288s] -- Up-to-date: /home/anyya/chapt2/chapt2_ws/install/demo_cpp_pkg/share/demo_cpp_pkg/environment/path.sh
[0.288s] -- Up-to-date: /home/anyya/chapt2/chapt2_ws/install/demo_cpp_pkg/share/demo_cpp_pkg/environment/path.dsv
[0.288s] -- Up-to-date: /home/anyya/chapt2/chapt2_ws/install/demo_cpp_pkg/share/demo_cpp_pkg/local_setup.bash
[0.288s] -- Up-to-date: /home/anyya/chapt2/chapt2_ws/install/demo_cpp_pkg/share/demo_cpp_pkg/local_setup.sh
[0.288s] -- Up-to-date: /home/anyya/chapt2/chapt2_ws/install/demo_cpp_pkg/share/demo_cpp_pkg/local_setup.zsh
[0.288s] -- Up-to-date: /home/anyya/chapt2/chapt2_ws/install/demo_cpp_pkg/share/demo_cpp_pkg/local_setup.dsv
[0.288s] -- Installing: /home/anyya/chapt2/chapt2_ws/install/demo_cpp_pkg/share/demo_cpp_pkg/package.dsv
[0.289s] -- Up-to-date: /home/anyya/chapt2/chapt2_ws/install/demo_cpp_pkg/share/ament_index/resource_index/packages/demo_cpp_pkg
[0.289s] -- Up-to-date: /home/anyya/chapt2/chapt2_ws/install/demo_cpp_pkg/share/demo_cpp_pkg/cmake/demo_cpp_pkgConfig.cmake
[0.289s] -- Up-to-date: /home/anyya/chapt2/chapt2_ws/install/demo_cpp_pkg/share/demo_cpp_pkg/cmake/demo_cpp_pkgConfig-version.cmake
[0.289s] -- Up-to-date: /home/anyya/chapt2/chapt2_ws/install/demo_cpp_pkg/share/demo_cpp_pkg/package.xml
[0.289s] Invoked command in '/home/anyya/chapt2/chapt2_ws/build/demo_cpp_pkg' returned '0': CMAKE_PREFIX_PATH=${CMAKE_PREFIX_PATH}:/home/anyya/chapt2/chapt2_ws/install/demo_python_pkg:/opt/ros/jazzy DEBUGINFOD_URLS=https://debuginfod.ubuntu.com /usr/bin/cmake --install /home/anyya/chapt2/chapt2_ws/build/demo_cpp_pkg
