[0.007s] Invoking command in '/home/anyya/chapt3/topic_ws/build/demo_cpp_topic': CMAKE_PREFIX_PATH=${CMAKE_PREFIX_PATH}:/home/anyya/chapt3/topic_ws/install/demo_python_topic:/opt/ros/jazzy DEBUGINFOD_URLS=https://debuginfod.ubuntu.com /usr/bin/cmake --build /home/anyya/chapt3/topic_ws/build/demo_cpp_topic -- -j24 -l24
[0.021s] -- Found ament_cmake: 2.5.6 (/opt/ros/jazzy/share/ament_cmake/cmake)
[0.154s] -- Found rclcpp: 28.1.18 (/opt/ros/jazzy/share/rclcpp/cmake)
[0.168s] -- Found rosidl_generator_c: 4.6.7 (/opt/ros/jazzy/share/rosidl_generator_c/cmake)
[0.173s] -- Found rosidl_generator_cpp: 4.6.7 (/opt/ros/jazzy/share/rosidl_generator_cpp/cmake)
[0.180s] -- Using all available rosidl_typesupport_c: rosidl_typesupport_fastrtps_c;rosidl_typesupport_introspection_c
[0.186s] -- Using all available rosidl_typesupport_cpp: rosidl_typesupport_fastrtps_cpp;rosidl_typesupport_introspection_cpp
[0.221s] -- Found rmw_implementation_cmake: 7.3.3 (/opt/ros/jazzy/share/rmw_implementation_cmake/cmake)
[0.221s] -- Found rmw_fastrtps_cpp: 8.4.3 (/opt/ros/jazzy/share/rmw_fastrtps_cpp/cmake)
[0.266s] -- Using RMW implementation 'rmw_fastrtps_cpp' as default
[0.303s] -- Found geometry_msgs: 5.3.7 (/opt/ros/jazzy/share/geometry_msgs/cmake)
[0.320s] -- Found turtlesim: 1.8.3 (/opt/ros/jazzy/share/turtlesim/cmake)
[0.349s] -- Found ament_lint_auto: 0.17.5 (/opt/ros/jazzy/share/ament_lint_auto/cmake)
[0.403s] -- Added test 'cppcheck' to perform static code analysis on C / C++ code
[0.403s] -- Configured cppcheck include dirs: 
[0.403s] -- Configured cppcheck exclude dirs and/or files: 
[0.403s] -- Added test 'lint_cmake' to check CMake code style
[0.403s] -- Added test 'uncrustify' to check C / C++ code style
[0.403s] -- Configured uncrustify additional arguments: 
[0.403s] -- Added test 'xmllint' to check XML markup files
[0.404s] -- Configuring done (0.4s)
[0.411s] -- Generating done (0.0s)
[0.413s] -- Build files have been written to: /home/anyya/chapt3/topic_ws/build/demo_cpp_topic
[0.440s] [ 50%] [32mBuilding CXX object CMakeFiles/turtle_circle.dir/src/turtle_circle.cpp.o[0m
[0.440s] [ 50%] [32mBuilding CXX object CMakeFiles/turtle_control.dir/src/turtle_control.cpp.o[0m
[0.446s] [01m[K/home/anyya/chapt3/topic_ws/src/demo_cpp_topic/src/turtle_control.cpp:1:10:[m[K [01;31m[Kfatal error: [m[Krclcpp/rclcpp.hpp: 没有那个文件或目录
[0.446s]     1 | #include [01;31m[K"rclcpp/rclcpp.hpp"[m[K
[0.446s]       |          [01;31m[K^~~~~~~~~~~~~~~~~~~[m[K
[0.446s] compilation terminated.
[0.446s] gmake[2]: *** [CMakeFiles/turtle_control.dir/build.make:76：CMakeFiles/turtle_control.dir/src/turtle_control.cpp.o] 错误 1
[0.446s] gmake[1]: *** [CMakeFiles/Makefile2:165：CMakeFiles/turtle_control.dir/all] 错误 2
[0.446s] gmake[1]: *** 正在等待未完成的任务....
[2.564s] [ 75%] [32m[1mLinking CXX executable turtle_circle[0m
[2.687s] [ 75%] Built target turtle_circle
[2.688s] gmake: *** [Makefile:146：all] 错误 2
[2.689s] Invoked command in '/home/anyya/chapt3/topic_ws/build/demo_cpp_topic' returned '2': CMAKE_PREFIX_PATH=${CMAKE_PREFIX_PATH}:/home/anyya/chapt3/topic_ws/install/demo_python_topic:/opt/ros/jazzy DEBUGINFOD_URLS=https://debuginfod.ubuntu.com /usr/bin/cmake --build /home/anyya/chapt3/topic_ws/build/demo_cpp_topic -- -j24 -l24
