[0.383s] Invoking command in '/home/anyya/chapt2/chapt2_ws/src/demo_python_pkg': DEBUGINFOD_URLS=https://debuginfod.ubuntu.com PYTHONPATH=/home/anyya/chapt2/chapt2_ws/build/demo_python_pkg/prefix_override:/usr/lib/python3/dist-packages/colcon_core/task/python/colcon_distutils_commands:/home/anyya/chapt2/chapt2_ws/install/demo_python_pkg/lib/python3.12/site-packages:${PYTHONPATH} /usr/bin/python3 -W ignore:setup.py install is deprecated -W ignore:easy_install command is deprecated setup.py egg_info --egg-base ../../build/demo_python_pkg build --build-base /home/anyya/chapt2/chapt2_ws/build/demo_python_pkg/build install --record /home/anyya/chapt2/chapt2_ws/build/demo_python_pkg/install.log --single-version-externally-managed install_data
[0.504s] running egg_info
[0.511s] writing ../../build/demo_python_pkg/demo_python_pkg.egg-info/PKG-INFO
[0.512s] writing dependency_links to ../../build/demo_python_pkg/demo_python_pkg.egg-info/dependency_links.txt
[0.512s] writing entry points to ../../build/demo_python_pkg/demo_python_pkg.egg-info/entry_points.txt
[0.512s] writing requirements to ../../build/demo_python_pkg/demo_python_pkg.egg-info/requires.txt
[0.512s] writing top-level names to ../../build/demo_python_pkg/demo_python_pkg.egg-info/top_level.txt
[0.527s] reading manifest file '../../build/demo_python_pkg/demo_python_pkg.egg-info/SOURCES.txt'
[0.527s] adding license file 'LICENSE'
[0.528s] writing manifest file '../../build/demo_python_pkg/demo_python_pkg.egg-info/SOURCES.txt'
[0.528s] running build
[0.528s] running build_py
[0.528s] copying demo_python_pkg/learn_thread.py -> /home/anyya/chapt2/chapt2_ws/build/demo_python_pkg/build/lib/demo_python_pkg
[0.528s] running install
[0.531s] running install_lib
[0.539s] copying /home/anyya/chapt2/chapt2_ws/build/demo_python_pkg/build/lib/demo_python_pkg/learn_thread.py -> /home/anyya/chapt2/chapt2_ws/install/demo_python_pkg/lib/python3.12/site-packages/demo_python_pkg
[0.539s] byte-compiling /home/anyya/chapt2/chapt2_ws/install/demo_python_pkg/lib/python3.12/site-packages/demo_python_pkg/learn_thread.py to learn_thread.cpython-312.pyc
[0.539s] running install_data
[0.539s] running install_egg_info
[0.547s] removing '/home/anyya/chapt2/chapt2_ws/install/demo_python_pkg/lib/python3.12/site-packages/demo_python_pkg-0.0.0-py3.12.egg-info' (and everything under it)
[0.548s] Copying ../../build/demo_python_pkg/demo_python_pkg.egg-info to /home/anyya/chapt2/chapt2_ws/install/demo_python_pkg/lib/python3.12/site-packages/demo_python_pkg-0.0.0-py3.12.egg-info
[0.548s] running install_scripts
[0.600s] Installing learn_thread script to /home/anyya/chapt2/chapt2_ws/install/demo_python_pkg/lib/demo_python_pkg
[0.600s] Installing person_node script to /home/anyya/chapt2/chapt2_ws/install/demo_python_pkg/lib/demo_python_pkg
[0.600s] Installing python_node script to /home/anyya/chapt2/chapt2_ws/install/demo_python_pkg/lib/demo_python_pkg
[0.600s] Installing writer_node script to /home/anyya/chapt2/chapt2_ws/install/demo_python_pkg/lib/demo_python_pkg
[0.601s] writing list of installed files to '/home/anyya/chapt2/chapt2_ws/build/demo_python_pkg/install.log'
[0.614s] Invoked command in '/home/anyya/chapt2/chapt2_ws/src/demo_python_pkg' returned '0': DEBUGINFOD_URLS=https://debuginfod.ubuntu.com PYTHONPATH=/home/anyya/chapt2/chapt2_ws/build/demo_python_pkg/prefix_override:/usr/lib/python3/dist-packages/colcon_core/task/python/colcon_distutils_commands:/home/anyya/chapt2/chapt2_ws/install/demo_python_pkg/lib/python3.12/site-packages:${PYTHONPATH} /usr/bin/python3 -W ignore:setup.py install is deprecated -W ignore:easy_install command is deprecated setup.py egg_info --egg-base ../../build/demo_python_pkg build --build-base /home/anyya/chapt2/chapt2_ws/build/demo_python_pkg/build install --record /home/anyya/chapt2/chapt2_ws/build/demo_python_pkg/install.log --single-version-externally-managed install_data
