[0.656s] Invoking command in '/home/anyya/chapt3/topic_ws/src/demo_python_topic': DEBUGINFOD_URLS=https://debuginfod.ubuntu.com PYTHONPATH=/home/anyya/chapt3/topic_ws/build/demo_python_topic/prefix_override:/usr/lib/python3/dist-packages/colcon_core/task/python/colcon_distutils_commands:/home/anyya/chapt3/topic_ws/install/demo_python_topic/lib/python3.12/site-packages:${PYTHONPATH} /usr/bin/python3 -W ignore:setup.py install is deprecated -W ignore:easy_install command is deprecated setup.py egg_info --egg-base ../../build/demo_python_topic build --build-base /home/anyya/chapt3/topic_ws/build/demo_python_topic/build install --record /home/anyya/chapt3/topic_ws/build/demo_python_topic/install.log --single-version-externally-managed install_data
[0.778s] running egg_info
[0.786s] writing ../../build/demo_python_topic/demo_python_topic.egg-info/PKG-INFO
[0.786s] writing dependency_links to ../../build/demo_python_topic/demo_python_topic.egg-info/dependency_links.txt
[0.786s] writing entry points to ../../build/demo_python_topic/demo_python_topic.egg-info/entry_points.txt
[0.786s] writing requirements to ../../build/demo_python_topic/demo_python_topic.egg-info/requires.txt
[0.786s] writing top-level names to ../../build/demo_python_topic/demo_python_topic.egg-info/top_level.txt
[0.802s] reading manifest file '../../build/demo_python_topic/demo_python_topic.egg-info/SOURCES.txt'
[0.802s] adding license file 'LICENSE'
[0.803s] writing manifest file '../../build/demo_python_topic/demo_python_topic.egg-info/SOURCES.txt'
[0.803s] running build
[0.803s] running build_py
[0.803s] copying demo_python_topic/novel_pub_node.py -> /home/anyya/chapt3/topic_ws/build/demo_python_topic/build/lib/demo_python_topic
[0.803s] running install
[0.806s] running install_lib
[0.815s] copying /home/anyya/chapt3/topic_ws/build/demo_python_topic/build/lib/demo_python_topic/novel_pub_node.py -> /home/anyya/chapt3/topic_ws/install/demo_python_topic/lib/python3.12/site-packages/demo_python_topic
[0.815s] byte-compiling /home/anyya/chapt3/topic_ws/install/demo_python_topic/lib/python3.12/site-packages/demo_python_topic/novel_pub_node.py to novel_pub_node.cpython-312.pyc
[0.815s] running install_data
[0.816s] running install_egg_info
[0.824s] removing '/home/anyya/chapt3/topic_ws/install/demo_python_topic/lib/python3.12/site-packages/demo_python_topic-0.0.0-py3.12.egg-info' (and everything under it)
[0.824s] Copying ../../build/demo_python_topic/demo_python_topic.egg-info to /home/anyya/chapt3/topic_ws/install/demo_python_topic/lib/python3.12/site-packages/demo_python_topic-0.0.0-py3.12.egg-info
[0.824s] running install_scripts
[0.880s] Installing novel_pub_node script to /home/anyya/chapt3/topic_ws/install/demo_python_topic/lib/demo_python_topic
[0.880s] writing list of installed files to '/home/anyya/chapt3/topic_ws/build/demo_python_topic/install.log'
[0.893s] Invoked command in '/home/anyya/chapt3/topic_ws/src/demo_python_topic' returned '0': DEBUGINFOD_URLS=https://debuginfod.ubuntu.com PYTHONPATH=/home/anyya/chapt3/topic_ws/build/demo_python_topic/prefix_override:/usr/lib/python3/dist-packages/colcon_core/task/python/colcon_distutils_commands:/home/anyya/chapt3/topic_ws/install/demo_python_topic/lib/python3.12/site-packages:${PYTHONPATH} /usr/bin/python3 -W ignore:setup.py install is deprecated -W ignore:easy_install command is deprecated setup.py egg_info --egg-base ../../build/demo_python_topic build --build-base /home/anyya/chapt3/topic_ws/build/demo_python_topic/build install --record /home/anyya/chapt3/topic_ws/build/demo_python_topic/install.log --single-version-externally-managed install_data
